MPLINK 4.30.01, Linker
Linker Map File - Created Sun Sep 13 02:23:56 2020

                                 Section Info
                  Section       Type    Address   Location Size(Bytes)
                ---------  ---------  ---------  ---------  ---------
                   .org_0       code   0x000000    program   0x000000
                   .org_1       code   0x000000    program   0x000054



                              Program Memory Usage 
                               Start         End      
                           ---------   ---------      
                            0x000000    0x000029      
            42 out of 8453 program addresses used, program memory utilization is 0%



                              Symbols - Sorted by Name
                     Name    Address   Location    Storage File                     
                ---------  ---------  ---------  --------- ---------                
                    CICLO   0x000004    program     static E:\Documentos\proteus Electro\leds secuencia\Intentofinal.asm
                    RETA0   0x000023    program     static E:\Documentos\proteus Electro\leds secuencia\Intentofinal.asm
                    RETA1   0x000021    program     static E:\Documentos\proteus Electro\leds secuencia\Intentofinal.asm
                    RETA2   0x00001f    program     static E:\Documentos\proteus Electro\leds secuencia\Intentofinal.asm
                  RETARDO   0x00001d    program     static E:\Documentos\proteus Electro\leds secuencia\Intentofinal.asm



                              Symbols - Sorted by Address
                     Name    Address   Location    Storage File                     
                ---------  ---------  ---------  --------- ---------                
                    CICLO   0x000004    program     static E:\Documentos\proteus Electro\leds secuencia\Intentofinal.asm
                  RETARDO   0x00001d    program     static E:\Documentos\proteus Electro\leds secuencia\Intentofinal.asm
                    RETA2   0x00001f    program     static E:\Documentos\proteus Electro\leds secuencia\Intentofinal.asm
                    RETA1   0x000021    program     static E:\Documentos\proteus Electro\leds secuencia\Intentofinal.asm
                    RETA0   0x000023    program     static E:\Documentos\proteus Electro\leds secuencia\Intentofinal.asm


